right
down
down
right
left
up
left
down
up
right
right
up
right
