   -b -b -b -a -b -a -b -b -b -a -a -b -b -b -b -b -a -b -b  b -a -a -b  a -b
-e    -f -c -e  e -c -e -e -d  f  c -e -e -f -f -e -f -e -f -f -e -e -e -e  d
-h -g    -g  h -g -g -g -g -g -g -g -g -g -g -g -g -g -g  g -h -h -h -g -h -g
-m -i -l    -m -j  m  n -n  l -j -n -n -n -m  j -n -m -j -l -j -j -n  k -m  i
 o -o -o -o    -o -o -o -o -o -o -o -o -o -o -o -o -o -o -o -o -o -o -o -o -o
-s -s -s -p -s    -r  s -s -p -s  r -s  p -r -s -s -r  q -s -s -q -s -p -s -s
-t -u -v  u  t -u    -u -u -u -u -u -u -w  v -u -u  w -u -u -t -t -u -u -t -u
-y -a -c -a  y -a -z     a -a -x  z  c -z -c -a  b -x -b -c -y -b  x -x -y -a
 g -e -h  d -d -f -d -d    -d -f -d  h -f -h  f -d -d -f -e -g -g -d -d -g  e
-i -l  i -j -i -l -j -k -k    -l -l -j -j  m -l -k  j -l  l -l -l -k -j -i  k
-n -o -n -p -n -o -p -p -p -p    -o -p -p  n -o -p  p -o  o -o -o -p -p -n -o
-q -q -r -q -q -q  q -q -q -q -q    -r  r -q -q -q -q -q -q -q -q -q -r -q -q
 t -s  s  w -s -w  u -w -w -w -w -w    -u  v -w -w -u -w -s -t -t -w -w -t -w
-y -x -y  x -x -x -x -x -x -x -x -x  y    -y -x -x -x -x -x -y -y -x  z -y -x
-a -a  a -a -a -a -a -a -a -a -a -a -a -a    -a -a -a -a -a -a -a -a -a -a -a
-b -d -d -b -b  b -b -b -b -b  d -b -b -b -d    -b -d -b -d  c -b -b -b -b -b
-e -e -e -e -e -e -e -e -f -e -e -f  e -e -e -e    -e  f -e -e -f -e -e -e -e
-g -g -h -g -g -g  g -g -g -g -g -g -h  h -g -g -g    -g -g -g -g -g -h -g -g
-j -j -j -j -j -j -j -j  j -j -j -i -j -i -j -j -j -j    -j -j  i -j -j -j -j
-m  k -m -k -m -k -k -k -k -k -k -k -k -k  m  l -k -k -k    -l -k -k -k -m -k
-n -o -n -n -p  p -p -p -p -n -o -p -n  n -o -o -p -p -p  o    -p -p -n -n -n
-q -q -q -q -q -q -q -q -q -q -q  q -q -q -q -q -q -q -q -q -q    -q -q -q -q
-r -u -u -s  r -t -s -t -t -s  u -t -s -s -u -t -t  s -t -u -r -r     t -r -s
-w -v -w -w -w -v -w  w -w -w -v -w -w -w -w  v -w -v -v -v -v -v -w    -w -w
-b -x -b -b -b -x  b -b -b -b -z  a -a -a -b -x -b -b -x  x -x  y  z -z    -b
-e  f -d -e -e -f -f  e -e  d -f -f -e -f -d -c -e -d -f  c -c -f -e -e -e
