up
up
up
up
right
down
down
down
up
up
up
left
down
down
down
down
down
down
down
right
down
left
down
right
left
right
left
up
right
up
left
up
down
right
left
up
up
up
up
up
up
up
right
down
up
left
down
down
down
down
down
down
