    b -a  h  g  i -i -b  d -b -g  f -h  a -g -h  c -b  e
-m    -l -j -n -m -m  m -n  j -m  n -m -m -m -k -m  k  l
-p -p     p -o -p -r -p  r -p  o  q -p -p -o -p -o -p -o
-f  s -d    -d -f -f  f  a  e -d -s  d  t -f  b -f  c -s
-n -k -o -k     h -h -i  m  k  o -h  l  i  n  g  p  j -o
-s -t -s -t -q     s -t  b  t  q  r  a -s -s -t -q -s -s
-e -d  f -f -c -d    -g -f  d -f  c -c  g  e -g -g  i  h
 o  q -r -o -o  l  r    -o  j -l -o  p  n  m -n  s -q  k
-b -c -c -c -t -t  c -b    -c -t -c  t  b -c -b -b  a -c
-e  e -g  f -g  d -d -e -f    -d -e -f  g -d -f -g -e -e
-j -j  k -k  i -i -m -j  m -i    -k -i -i  j -i  l -i  h
-p -p -o  p  n -n -r -p  r -p -n     o -p -n -p -n  q -o
-d -a  a -a  e  s -s -t -a -e  b -a     t -e -e -e  c  d
-i -i  l -l  f -f -i  i  m  g -l  h -f    -f  j  k -f -i
 s  t -p -s  r  q  p  o -s  n  a -s -r -s    -r -s -t -s
 j  d -e -j  g -j  e  b -j  k  f  c -g -j -g     i -d  h
-m  l -o -n -n -o -p -l  p -l -o  n  o -p  m  q    -l -l
-s -s -t -t -r -t  t -r -r -t -s -t -t  r -t  s -r    -t
 b -b  a -b -b -b -f  f -b  c -a -b -f  e -f  g  d -b
