up
left
down
up
right
down
up
left
down
left
left
up
left
left
left
down
left
up
