    a -a -a -a -a -a -a -a -a -a -a -a -a
-b     b -b -b -b -b -b -b -b -b -b -b -b
 c -c     d -d -d -d -d -d -d -d -d -d -d
-g -g -g     j  u  g -g -g -g -g -g -g -g
-i -i -i -i     i -i -i -i -i -i -i -i -i
-h -h -h -h -h     h -h -h -h -h -h -h -h
-f -f -f -f -f -f     f -f -f -f -f -f -f
-e -e  e -e -e -e -e     t -t -t -t -t -t
-k -k -k -k -k -k -k -k     k -k -k -k -k
-o -o -o -o -o -o -o -o  l     m  o -o -o
-n -n -n -n -n -n -n -n -n  n    -n -n -n
-p -p -p -p -p -p -p -p -p -p -p     p -p
-s -s -s -s -s -s  s -s -s -q -q -q     q
-r -r -r -r -r -r -r -r -r -r  r -r -r
