    i  r  m  h  d  t -i  k  n  u  e  f  g -i  c  o  a  p  q  s -i  l -i  j  b
 s     c  e  j  g  b  a  i  p  o  w  v  x  r  y  d -s  k  f  l  h  t  n  q  m
 f  c     y -f  e  o  l  h  m -f  j -f  u  i  n  a  d  w  v  b -c -f  x  g  k
 q  u  t     j  s  c  w  g  v  x  r -q  d  b  h  a  e -q  y -q  f -q  i  k  p
 d  r  b  e    -d -d  l  o  c  a  w  t  q  g  f  v  m  x  i  y  s  p  u  h  n
 t  v  o  y  p    -t  w  r  m  l  g  d  j  a  b  f  x  s  q  e  c  u  n -t  k
 j  v  w -j  c  r     i -j  t  d  a  s  b  x  e  h  o  y  n  l  p  u  k  q  m
 b  q  t  c  a  k  l     f  s  p  w  v  j  o  m -b  y  n  i  g  d  x  h  r  u
-n  n  u  y  s  k  l  m     q  b  p  a -n  h  g  i  x  e  f  j  r  o  v  w  t
 d  w  s -d  f  h  g  v  x     m -d  i  c  j  r  o  y  k  t  q  p  n  l  e  u
 t  s  p  f  h  n  v  x  j  g     o  c  a  l  w  u  r  i -t  m  d  k  q  e  b
 v  w -v  p  u  y  b  t  h  r  o     c  m  i  f  j  k  g  n  d  a  s  l  e  q
 e  r  f  p  c  b  s  x  y  o  j  k     d  t  m  h  g  q -e  n  i -e  l  u  a
 x  q  w  n  h  y  l  s  a  c  m  k  i     e  g  v  j  o -x  r  d  p  f  b -x
 f  d  p  h  g  l  t  a -f  o  c  x  y -f     j  u  w  i  v -f  e  k  m  n  b
 w  s  l  a  k  i  b  r  u  g  y  q -w -w  x     e  h  d -w  m  f  j  v  t  c
 c -c -c  n  p  d -c  j  w  x  h  v  s  b  f  y     q  t  u  r  a  i  o  g  e
 k -k  h -k  p  e  r  n  u  d  b  q  m  a  o  x  y     w  g  t  l  c  v  s  f
 k  v  r  e  c  y  m  x  f  w  o  n  u  l  a  d  h  j     q  i  b  t  s  p  g
 d  w  j -d -d  u  t  m  e -d  s  p  o  q  b  x  k  c  n     i  a  l  r  v  y
-f  f  w  i -f  n  r  h  j  s  t  v  l  u  g  q  p  o  k  a    -f  m -f  y  x
-h  h  x  k  u -h  f  m  s  q  c  l  b  t  j  d  e  n  i  o  v     r  g  w  p
 r  i -r  t  y  a  n  c  e  l  p  b  d  u  g  k  f  v -r  j  h  o     s  m  q
 i  x  s  r  b  m  k  n  c  u  l  w  t  p  j  f  g  q  e  h  o  a  y     v  d
 e  g  k  j  x -e  n -g  i  d  c -e  l -e -g  a  p  y  w  h  o  m  f -g     b
 r -r  k  x  t -r  u  v -r  h  w  i  d  j  f  y  e -r -r  c  a  q  g  s  b
