left
up
right
up
left
up
up
up
up
up
up
up
down
down
down
down
down
down
down
up
up
up
up
up
up
up
right
down
down
up
up
left
down
down
down
down
down
down
down
right
down
up
down
left
right
up
left
up
up
up
up
up
up
up
