   -a  a  i  b -a  g -a -i -a  c  e -b -a  d  f -a  j -g -i  h
 q     l  p -q  e  a  d  n  b  o -q  m -l  s  c -l -q  k -p  r
-i  i    -i  j  h  m  f -i  g -i  n -i  k -i -i  l -f -i -h -i
-c -r -c     c  r  d  p  e  q  s  b -c  a -c -c -c -p -d  o -c
 i -n  n  h    -n -i  o -h  l -i -i  j  k  f  m  g -i -l -h  p
 j  d  c  s  g     i -d -d -d  f  q  h -c  a -j  b -j -d  e  r
-o -k  k  s -k  o     q -s -k  l  r -o  n  m -l  b -q  a -s  p
-n  n  h -n  j -n  m     e -n  k  g -n  l  d -n  c  i -n  f -n
-h  h -h -h -d  d  a  c     s -h  p -h -a  q  g  o  f  e  b  r
 i  m  a -i -i  p -i  n  s     j -i  k -a  o -i -a -i  l  r  q
-k  k -k  d -d  i -k -k -k  g     e -k  j -k  h  l  b  c  f -k
 r -b -r -r  m  b -r  o -o  s  q     n -m  a  p -m -r -s  c -r
-e -g -e -e  e  g -g  h -h  f -g -g    -e -e  d  i  j -f -g -e
 q  k -q  r  n -k -q  p -k -k  m -q  a     s -q -n  l -k -r  o
-e  e  d -e  g -e -e -e -e  h -e  f -e -d    -e -d -i  i  c  b
-s -m  m -s -m  s -m  a -a  b -s  n  l  r  j     o  k  q  c  p
 o -i  i -o  m  n  h  f -f  e  j -o -m  g -o -o     d -h  l  k
-r  r  g  p -g  a  c -r  e  q  f  b  s -g -r -r -g    -r -p  d
 i  n -i -i  j -n -i -n  p -n -i  h -n  m -i -i  o  k     l -i
 a  q -a  h  i  r -a  k  l  d -a -a -q  f  e  s  g  c  b     j
 a  q  f  s  e  d -a -q  m -q  n -a  c  b  o -a  p -a -q  r
