    b  c -b -c -b -c -b -c -b -c -b -c -c -c -c -c -c -c -c
 d    -d  c -d -c -d -c -d -c -d -c -d -d -d -d -d -d -d -d
 a -a    -a  c -a -c -a -c -a -c -a -c -c -c -c -c -c -c -c
-a  a -a    -a  c -a -c -a -c -a -c -a -a -a -a -a -a -a -a
-a -a  a -a    -a  c -a -c -a -c -a -c -c -c -c -c -c -c -c
-a -a -a  a -a    -a  c -a -c -a -c -a -a -a -a -a -a -a -a
-a -a -a -a  a -a    -a  c -a -c -a -c -c -c -c -c -c -c -c
-a -a -a -a -a  a -a    -a  c -a -c -a -a -a -a -a -a -a -a
-a -a -a -a -a -a  a -a    -a  c -a -c -c -c -c -c -c -c -c
-a -a -a -a -a -a -a  a -a    -a  c -a -a -a -a -a -a -a -a
-a -a -a -a -a -a -a -a  a -a    -a  c -c -c -c -c -c -c -c
-a -a -a -a -a -a -a -a -a  a -a    -a -a -a -a -a -a -a -a
-a -a -a -a -a -a -a -a -a -a  a -a    -c  c -c -c -c -c -c
-c -c -c -c -c -c -c -c -c -c -c -c -c    -c  c -c -c -c -c
-a -a -a -a -a -a -a -a -a -a -a -a  a -b     b -b -b -b -b
-d -d -d -d -d -d -d -d -d -d -d -d -d  a  d    -c  c -c -c
-b -b -b -b -b -b -b -b -b -b -b -b -b -b -b -b     b  c -c
-a -a -a -a -a -a -a -a -a -a -a -a -a -a -a  a  d    -d -d
-a -a -a -a -a -a -a -a -a -a -a -a -a -a -a -a  a -a     b
-d -d -d -d -d -d -d -d -d -d -d -d -d -d -d -d -d -d  d
