    b -b  c -b -b -c -c -c -c -c -c -c -c -c -c -c -c -c -c -c -c -c -c -c -c -c
 d    -c -d  c -c -d -d -d -d -d -d -d -d -d -d -d -d -d -d -d -d -d -d -d -d -d
-c -c    -c -c  c -c -c -c -c -c -c -c -c -c -c -c -c -c -c -c -c -c -c -c -c -c
 a -a -a    -a -a  c -c -c -c -c -c -c -c -c -c -c -c -c -c -c -c -c -c -c -c -c
-a  a -b -a     b -a -a -a -a -a -a -a -a -a -a -a -a -a -a -a -a -a -a -a -a -a
-d -d  a -d  d    -d -d -d -d -d -d -d -d -d -d -d -d -d -d -d -d -d -d -d -d -d
-a -a -a  a -a -a     b -b  c -c -b -c -c -c -c -c -c -c -c -c -c -c -c -c -c -c
-d -d -d -d -d -d  d     b -d -d -b -d -d -d -d -d -d -d -d -d -d -d -d -d -d -d
-d -d -d -d -d -d -d  d    -d -d  c -d -d -d -d -d -d -d -d -d -d -d -d -d -d -d
-a -a -a -a -a -a  a -a -a    -c -a  c -c -c -c -c -c -c -c -c -c -c -c -c -c -c
-c -c -c -c -c -c -c -c -c -c    -c -c  c -c -c -c -c -c -c -c -c -c -c -c -c -c
-a -a -a -a -a -a -a -a  a -a -a    -a -a -a -a -a -a -a -a -a -a -a -a -a -a -a
-a -a -a -a -a -a -a -a -a  a -c -a    -c -c  c -c -c -c -c -c -c -c -c -c -c -c
-b -b -b -b -b -b -b -b -b -b  a -b -b     b -b -b -b -b -b -b -b -b -b -b -b -b
-c -c -c -c -c -c -c -c -c -c -d -c -c  d    -c -c  c -c -c -c -c -c -c -c -c -c
-a -a -a -a -a -a -a -a -a -a -b -a  a -b -b     b -b -b -b -b -b -b -b -b -b -b
-d -d -d -d -d -d -d -d -d -d -c -d -d -c -c  d    -c -c  c -c -c -c -c -c -c -c
-c -c -c -c -c -c -c -c -c -c -a -c -c -a  a -c -c    -c -c  c -c -c -c -c -c -c
-c -c -c -c -c -c -c -c -c -c -c -c -c -c -c -c -c -c    -c -c  c -c -c -c -c -c
-a -a -a -a -a -a -a -a -a -a -b -a -a -b -b -a  a -b -b     b -b -b -b -b -b -b
-d -d -d -d -d -d -d -d -d -d -a -d -d -a -a -d -d  a -c  d    -c -c  c -c -c -c
-b -b -b -b -b -b -b -b -b -b -b -b -b -b -b -b -b -b  a -b -b     b -b  c -c -c
-b -b -b -b -b -b -b -b -b -b -b -b -b -b -b -b -b -b -d -b -b  d     b -d -d -d
-a -a -a -a -a -a -a -a -a -a -a -a -a -a -a -a -a -a -d -a  a -d  d    -d -d -d
-a -a -a -a -a -a -a -a -a -a -a -a -a -a -a -a -a -a -a -a -a  a -a -a     b -b
-d -d -d -d -d -d -d -d -d -d -d -d -d -d -d -d -d -d -d -d -d -d -d -d  d     b
-d -d -d -d -d -d -d -d -d -d -d -d -d -d -d -d -d -d -d -d -d -d -d -d -d  d
