left
a
left
left
right
a
right
right
up
a
right
a
down
a
up
a
left
down
left
a
left
a
up
a
left
a
left
a
left
a
down
left
right
a
up
a
right
a
right
a
right
a
down
a
right
right
