up
up
up
up
right
right
down
left
down
down
down
down
left
down
right
right
right
up
up
right
down
down
right
right
up
left
up
up
right
up
down
left
down
down
right
down
left
left
up
up
left
down
down
left
left
left
up
right
up
up
up
up
right
down
down
down
down
up
up
up
up
up
left
left
down
down
down
up
up
up
right
right
down
left
down
down
down
down
left
down
right
right
right
up
up
right
down
down
right
right
up
left
up
up
down
down
right
down
left
left
up
up
left
down
down
left
left
left
up
right
up
up
up
down
down
down
left
down
right
right
right
up
up
right
down
down
right
right
left
left
up
up
left
down
down
left
left
left
up
right
up
up
up
up
right
up
