left
left
left
down
up
right
right
right
left
left
left
down
left
up
left
left
right
right
down
right
up
down
left
up
down
right
up
right
right
right
down
right
right
up
right
down
up
left
down
left
left
up
left
left
left
down
left
up
left
right
down
right
up
right
right
right
down
right
right
up
left
