   -g -g  g -b -c -b -e  c  b  d -c  e -c  a  f -c
-h    -k -k -l -i  i  k -k  l -l -l -l -i -k  j  h
 n  r     p -m -m -r -r -n -n -n  m  q  o -n -n -r
-a  b  a    -b -b -b -b -c -b -a -a  c -a -a -b -b
-k  f -i  i    -l  l  e  k  j  h  g  m -l -e  d -f
 o  n  r -o -q    -n -n -o -o  q -r -o -r  p -o -n
-c -c -c -c -c  c     a -a -b -c -b -b  b -c -c -c
-g -g  g -g -e  f -e     d -d -f -g -g -g  e -d -d
 p -m  m -p -k  i -k -j     k -p  h  j  n -p  l  o
-c -c  c -c  d -a  a -d -d     b  r  f  q -r  e -r
-i -h -i -h  h  i -h -h  g  k    -h  j -g -i -h -g
-p -o -o  o  n  p  l -n  q  b -n     a -l  r -n  m
-g -c -e -e -f -c  c  e  g  f -f -g     d -e -g -g
-m -m -m -l -k  m  h  i -i  k -m  l  n     j -k -l
-c  a  c -c  q  b  o -a -q  p -q -c  r -c    -a -a
-f -f  f -f -d  g -d -e -i  d -g  i  e -f -g     h
 p  m  j -p  a -o  o -m -p  q  r  k  n -j -p  l
