    q  u  s  l  j  d  o  t  a  w -q  f  c  x  b  e  g  p  n  m  r  i  v  h  k
 f     d -f -f  z  y  s  r  t  a  h  i  m  j  g  l  n  b  o  q  u  p  k  e  c
 q  w     b  h -q  z  o  d  g  l  m -q  p  y  r  i  f  n  a  c  v  x  j  k  e
 n  v  f     c  y  j  e  u  d  z  x  a  p  o  i  b  m  h  t  q  w  k  l  g  s
 c  y  z  u     m  l  a  g  p  i  v  j  s  d  h  e  t  n  r  b  x  w  f  o  k
 s  d  q  k  u     f  z  w  t  a  n  j  b -s  l  r  g  h  v  y  x  m  e  c  i
 r  i  s  y  q  v     u  f  x  t  g  j  h  b  z  w  c  e  a  o  k  p  d -r  l
 w  j  d  p  z  f  q     y  o  e  m  n  a  x  c  s  u  t  v  i  r  h  g  b  k
 p  q  r  c  o  t  x  h     m  n  e  a -p  w  u  v  d  b -p  y  g  f  z  s  l
-k  k  m  c  s -k  o  p  r     j  z  d  b  u  i  t  e  l  q  n  w  a  v  y  x
 k  s  m  o  a  c  h  y  n  u     z  r  j  t  w  q  x  g  p  b  f  l  i  v  d
 a  w  q  z  o  y  g  l  n  s  p     j  i  e  h  t  u  f -a  k  b  r  v  m  x
 e  c  r  u  k  f  i  s  n  t  g  y    -e  l  x -e  d  q  j  p  h  o  m  w  v
 b  j  o  e  f  a  h  x  r  c  w  v  s     l  t  u  n  q  k  m  z  g  p  d  i
-l  l  y  t  f  s  i  h  r  e  z  g  p  u     o  d  v  q  a  c  b  k  j  m  n
 s  m  q  x  e  c  z -s  y  l  f  j  k  i  h     g  r  b  n  w  a  p  o -s  d
 c  g  l  w  n  d  t  x  h -c  m  k  p  i  o  b     v  a  q  u  y  e  z  f  j
 t  u  f  i  k  g  w  r  y  b -t  o  e  l  a  s  c     h  m  n  z  x  j  v  d
 p  s  v  t  m  h  f  e  l  r  c  y  g  u  b  d  k  x     j  z  i  q  n  w  a
 b  j  u  z  s  o  v  h  k  c  f  y  g  w  q  m  a  e  d     p  x  i  l  t  r
 u  i  b  k  y  z  n  e  h  j  p  d  x  t  g -u  w  v  q  o     s  f  c  r  a
 d  u  z  f  t  v  m  j  h  e  n  q  a  l  r  g  b  c  w  p  o     y  s  i  x
 d  q  n  b  l  v  z  s  p  x  a  u  k  h  m  g  c  e  f  w  r  t    -d  y  o
 b  m  k  e -b  c  s  y  u  t  f  v  p  z  r  l  i  w  n  q  x  o  a     j  d
 j  a  m  d  i  w  q  v  k  e  n  g  z  p  y  s  c  o  b  x  u  t  r  l     h
 g  p  w  y  s  u  x  v  b  q  f  h  a  d  j  l  c  m  r  n  t  i  k  z  o
