   -a -d -d -d -d -d -d -a -d -a -d  d  b -d -d  a -d -d -a  c -d -d -b -c
-e    -e -e -e -e -e -e  e -e -e -e -e -e -e -e -e -e -e -e -e -e -e -e -e
-g -j    -k  j -i -k -j -k -i  k -j  i -j  h -i -h  g -i -k -g -j  f -j -k
-m -n -l    -n -m -n -n -m -l -n -n -n -n  n -n -n -n -l -n  m  l -n -n -m
-q -q -q -o    -q -o  q -q -q  o  s -q  p -q -q -q -q -p -o -q -q -q  r -o
 w -t -t -t -x    -t  t -t  v -t -v -w -w  x -w -w -x  u -t -w -t -x -v -t
 y -y -z -y -z -y    -z -y -z -y -z -y -y -y -y -y -y -z -y -y -z -y  z -y
-d  f  h -g -h  d -g    -f  a  g -a  b -h -h -b  c -h -d -g -a  e -h -a -g
-i -i -i -i -i -i -i -i    -i -i -i -i -i -i -i -i -i -i -i -i -i -i  i -i
-m -o  p -p -p -q -q -l -o    -p  n  q -p  l -q  o -p  m -p  j -l -p  k -j
-r -t  s  v -s -s  r -s -u -t    -s -s -s -s -u -t -s -s  t -v -v -s -r  u
-w -w -w -w  w -w -w -w -w -w -w    -w -w -w -w -w -w -w -w -w -w -w -w -w
-c -c -d -e -x  c  z -c -a  d -a  x    -c  y  e -d  a  b -a -d -e -y -z -a
-h -i -i -f -f -i  h -i -i -i -f  f -h    -g -h -h -g  g -f -h -i -g  i -f
-l -j -j -k  k -j -k  j -j -j -k  m -j -k    -n  o  l -n -k -o -j  n -k -l
-p -t -q  p  t -t -s -t -q -q -t  r -t -t -p    -t -p -q -t -p  q -p  s -q
-w  y -v -v -v -x -v -x -y -x  v -x  x -w -x -x     w -x -v  u -v -w -y -v
 c -d -b -b -b  d -b -d -z -d  b -a -c -c -d -e -c    -d -b  a -z  e -z  z
 f -g -g -g -g -f -f -g -g -f -g -g -f -f  g -f -f -g    -g -f -g -g -f -g
 i -h -j -h -j -i -i -j -h  j -h -j -i -i -j -i  h -h -j    -i -j -j -j -h
 l -m -k -k -n  m -l -m -k -m -m  n -l -l -m -k -l -l -m -m    -k -m -k  k
-r -q  p -p -p -p -p -p -o  q -p -q -p -p -p -o -q -p  r -p -q    -p -q  o
-v -u -u -s -x -u -s  u -u -u  s -x -u -x -t  x  w  v  t -s -w -u    -x -s
-c -z -z -z -b -z  c  z -z  a -z  b -z -c -a -z -z -z  y -z -a -z -z    -z
-f -g  f -h -f -f -g -g  d -e -f -h -f -f -f  h -f -f -e -f -h  e -f  g
