k
o
p
s
f
e
d
j
i
h
f
t
k
m
n
m
n
o
p
s
f
e
d
j
i
h
f
t
k
m
n
o
p
s
f
e
d
g
f
t
k
o
p
q
r
n
o
p
s
f
e
c
a
b
d
g
f
