    i  k  j  l  m  b  g  c  d -i  a  f  h  e
 a     e  g  n  j -a  b  o  d  c  k  f  h  i
 d  h     n  m  l  c  a  e  f  g -d -d  o  b
 a  n  k     o  d -a  l  m  j  i -a  c -a  b
 o  j  h  f     g  b  m  a  k -j  i  e  n  l
 l  k  i  n  h     c -l -l  f  m  j  g  e  d
 d  o -d  h -d  c    -d  a -d  i  b  e  g  f
 d  m  a  b  c -d  j     f  l  k -d  e  n  o
 m  g  n -m -m  a -m  i     l  h  j -m  o  k
 b  c  l  k -b  j  i  h  e     f  g  m  d -b
 o  e  n  c  b  f  d  a  g  h    -o -o -o -o
 m  f  o  k  i  n  a  c  l -m  e     j  d  b
 o  l  n  m  h  k -o  i  g -o -l -o    -o  j
 a  e  d  g  f -a  h  c  i -a  b  j -a    -a
 g  n  f  e -g  c  a  k  o  d -n  m  l  b
