right
right
up
left
right
down
left
right
up
left
right
down
left
left
up
up
down
down
right
right
up
left
right
down
left
left
up
up
down
down
right
right
up
