    b -b -b -b -b -b -b -b -b  c -b -b -b -b -b -b -b -b -b
 d     b -b -b -b -b -b -b -b -d  c -b -b -b -b -b -b -b -b
-d  d    -c -c -c -c -c -c -c -d -d  c -c -c -c -c -c -c -c
-c -c -c     b -b -b -b -b -b -c -c -c  c -b -b -b -b -b -b
-d -d -d  d     b -b -b -b -b -d -d -d -d -b -b -b -b -b -b
-d -d -d -d  d     b -b -b -b -d -d -d -d -b -b -b -b -b -b
-d -d -d -d -d  d    -c -c -c -d -d -d -d -c -c  c -c -c -c
-b -b -b -b -b -b -b     b -b -b -b -b -b -b -b -b -b -b -b
-c -c -c -c -c -c -c  d     b -c -c -c -c -c -c -c -c  c -b
-d -d -d -d -d -d -d -d  d    -d -d -d -d -d -d -d -d -d  c
 a -a -a -a -a -a -a -a -a -a    -a -a -a -a -a -a -a -a -a
-a  a -a -a -a -a -a -a -a -a -a    -a -a -a -a -a -a -a -a
-a -a  a -b -b -b -b -b -b -b -a -a     b -b -b -b -b -b -b
-d -d -d  a -a -a -a -a -a -a -d -d  d    -a -a -a -a -a -a
-b -b -b -b -b -b -b -b -b -b -b -b -b -b     b -b -b -b -b
-b -b -b -b -b -b -b -b -b -b -b -b -b -b  d     b -b -b -b
-a -a -a -a -a -a  a -b -b -b -a -a -a -a -d  d     b -b -b
-d -d -d -d -d -d -d -b -b -b -d -d -d -d -d -d  d     b -b
-d -d -d -d -d -d -d -a  a -a -d -d -d -d -d -d -d  d    -a
-a -a -a -a -a -a -a -a -a  a -a -a -a -a -a -a -a -a -a
