    b -c -c  c -c -c -c -c -c -c -c -c -c -c -c
 d    -d -d -d -d -d -d -d -d -d -d -d -d -d -d
-b -b     b -b -b -b -b -b -b -b -b -b -b -b -b
-c -c  d    -c -c -c  c -c -c -c -c -c -c -c -c
 a -a -c -c    -c -c -c  c -c -c -c -c -c -c -c
-c -c -b -b -c     b -b -c  c -c -c -c -c -c -c
-d -d -b -b -d  d     b -d -d -d -d -d -d -d -d
-d -d -a  a -d -d  d    -d -d -d -d -d -d -d -d
-a -a -c -c  a -c -c -c    -c -c -c  c -c -c -c
-c -c -a -a -c  a -a -a -c    -c -c -c  c -c -c
-c -c -c -c -c -c -c -c -c -c     b -c -c  c -b
-d -d -d -d -d -d -d -d -d -d  d    -d -d -d  c
-a -a -b -b -a -b -b -b  a -b -b -b     b -b -b
-d -d -a -a -d -a -a -a -d  a -b -b  d     b -b
-d -d -d -d -d -d -d -d -d -d  a -a -d  d    -a
-a -a -a -a -a -a -a -a -a -a -a  a -a -a -a
