    d -d -d  a -a  c -a -a -d -d
 g     e -e -g -g -g -g -g -h  h
-d  d     f -d -d -d -d -d -d -d
-e -e  e    -e -e -e -e -e -e -e
 b -b -b -b     j -b  k  l -b -b
-a -a -a -a  a    -a -a -a -a -a
 b -b -b -b -b -b    -b -b -b -b
-a -a -a -a  a -a -a    -a -a -a
-a -a -a -a  a -a -a -a    -a -a
 g -g -g -g -g -g -g -g -g    -g
-i -i -i -i -i -i -i -i -i  i
