    b -b -b -b -b -b  c -b -b -b -b -b -b -c -b -b -b -b -b -b -c -b -b -b -b -b -b -c -b -b -b -b -b -b -b -b -b -b -b -b -b -b -b -b -b -b -b -b
 d     b -b -b -b -b -d -b -b -b -b -b -b -d -b -b -b -b -b -b -d -b -b -b -b -b -b -d -b -b -b -b -b -b -b -b -b -b -b -b -b -b -b -b -b -b -b -b
-d  d    -c -c -c -c -d -c  c -c -c -c -c -d -c -c -c -c -c -c -d -c -c -c -c -c -c -d -c -c -c -c -c -c -c -c -c -c -c -c -c -c -c -c -c -c -c -c
-b -b -b     b -b -b -b -b -b  c -b -b -b -b -b -b -c -b -b -b -b -b -b -b -b -b -b -b -b -b -b -b -b -b -b -b -b -b -b -b -b -b -b -b -b -b -b -b
-b -b -b  d     b -b -b -b -b -d -b -b -b -b -b -b -d -b -b -b -b -b -b -b -b -b -b -b -b -b -b -b -b -b -b -b -b -b -b -b -b -b -b -b -b -b -b -b
-b -b -b -d  d     b -b -b -b -d -b -b -b -b -b -b -d -b -b -b -b -b -b -b -b -b -b -b -b -b -b -b -b -b -b -b -b -b -b -b -b -b -b -b -b -b -b -b
-c -c -c -d -d  d    -c -c -c -d -c -c  c -c -c -c -d -c -c -c -c -c -c -c -c -c -c -c -c -c -c -c -c -c -c -c -c -c -c -c -c -c -c -c -c -c -c -c
 a -a -a -a -a -a -a    -a -a -a -a -a -a  c -a -a -a -a -a -a -c -a -a -a -a -a -a -c -a -a -a -a -a -a -a -a -a -a -a -a -a -a -a -a -a -a -a -a
-b -b -b -c -c -c -c -b     b -c -c -c -c -b  c -b -c -c -c -c -b -c -b -b -b -c -c -b -c -b -c -c -c -c -c -c -b -c -c -c -c -c -c -c -c -c -c -c
-a -a  a -d -d -d -d -a  d    -d -d -d -d -a -d  c -d -d -d -d -a -d -c -c -c -d -d -a -d -c -d -d -d -d -d -d -c -d -d -d -d -d -d -d -d -d -d -d
-a -a -a  a -a -a -a -a -a -a    -a -a -a -a -a -a  c -a -a -a -a -a -a -a -a -a -a -a -a -a -a -a -a -a -a -a -a -a -a -a -a -a -a -a -a -a -a -a
-c -c -c -b -b -b -b -c -c -c -b     b -b -c -c -c -b  c -c -c -c -c -c -c -c -c -c -c -c -c -c -c -c -c -c -c -c -c -c -c -c -c -c -c -c -c -c -c
-d -d -d -b -b -b -b -d -d -d -b  d     b -d -d -d -b -d -d -d -d -d -d -d -d -d -d -d -d -d -d -d -d -d -d -d -d -d -d -d -d -d -d -d -d -d -d -d
-d -d -d -a -a -a  a -d -d -d -a -d  d    -d -d -d -a -d -d -d -d -d -d -d -d -d -d -d -d -d -d -d -d -d -d -d -d -d -d -d -d -d -d -d -d -d -d -d
-a -a -a -a -a -a -a  a -a -a -a -a -a -a    -a -a -a -a -a -a  c -a -a -a -a -a -a -c -a -a -a -a -a -a -a -a -a -a -a -a -a -a -a -a -a -a -a -a
-a -a -a -c -c -c -c -a  a -a -c -c -c -c -a    -a -c -c -c -c -a  c -a -a -a -c -c -a -c -a -c -c -c -c -c -c -a -c -c -c -c -c -c -c -c -c -c -c
-a -a -a -a -a -a -a -a -a  a -a -a -a -a -a -a    -a -a -a -a -a -a  c -c -c -a -a -a -a -c -a -a -a -a -a -a -c -a -a -a -a -a -a -a -a -a -a -a
-a -a -a -a -a -a -a -a -a -a  a -a -a -a -a -a -a    -a -a -a -a -a -a -a -a -a -a -a -a -a -a -a -a -a -a -a -a -a -a -a -a -a -a -a -a -a -a -a
-b -b -b -a -a -a -a -b -b -b -a  a -a -a -b -b -b -a     b -b -b -b -b -b -b -b -b -b -b -b -b -b -b -b -b -b -b -b -b -b -b -b -b -b -b -b -b -b
-b -b -b -d -d -d -d -b -b -b -d -d -d -d -b -b -b -d  d     b -b -b -b -b -b -b -b -b -b -b -b -b -b -b -b -b -b -b -b -b -b -b -b -b -b -b -b -b
-c -c -c -d -d -d -d -c -c -c -d -d -d -d -c -c -c -d -d  d    -c -c -c -c -c -c  c -c -c -c -c -c -c -c -c -c -c -c -c -c -c -c -c -c -c -c -c -c
-a -a -a -a -a -a -a -a -a -a -a -a -a -a  a -a -a -a -a -a -a    -a -a -a -a -a -a  c -a -a -a -a -a -a -a -a -a -a -a -a -a -a -a -a -a -a -a -a
-a -a -a -c -c -c -c -a -a -a -c -c -c -c -a  a -a -c -c -c -c -a    -a -a -a -c -c -a  c -a -c -c -c -c -c -c -a -c -c -c -c -c -c -c -c -c -c -c
-a -a -a -a -a -a -a -a -a -a -a -a -a -a -a -a  a -a -a -a -a -a -a     b -b -a -a -a -a  c -a -a -a -a -a -a -c -a -a -a -a -a -a -a -a -a -a -a
-d -d -d -d -d -d -d -d -d -d -d -d -d -d -d -d -d -d -d -d -d -d -d  d     b -d -d -d -d -d -d -d -d -d -d -d -d -d -d -d -d -d -d -d -d -d -d -d
-d -d -d -d -d -d -d -d -d -d -d -d -d -d -d -d -d -d -d -d -d -d -d -d  d    -d -d -d -d -d -d -d -d -d -d -d -d -d -d -d -d -d -d -d -d -d -d -d
-c -c -c -b -b -b -b -c -c -c -b -b -b -b -c -c -c -b -b -b -b -c -c -c -c -c     b -c -c -c -c -c  c -c -c -c -c -c -c -c -c -c -c -c -c -c -c -c
-d -d -d -a -a -a -a -d -d -d -a -a -a -a -d -d -d -a -a -a  a -d -d -d -d -d  d    -d -d -d -d -d -d -d -d -d -d -d -d -d -d -d -d -d -d -d -d -d
-a -a -a -a -a -a -a -a -a -a -a -a -a -a -a -a -a -a -a -a -a  a -a -a -a -a -a -a    -a -a -a -a -a -a -a -a -a -a -a -a -a -a -a -a -a -a -a -a
-a -a -a -c -c -c -c -a -a -a -c -c -c -c -a -a -a -c -c -c -c -a  a -a -a -a -c -c -a    -a -c -c -c -c -c  c -a -c -c -c -c -c -c -c -c -c -c -c
-a -a -a -a -a -a -a -a -a -a -a -a -a -a -a -a -a -a -a -a -a -a -a  a -a -a -a -a -a -a    -a -a -a -a -a -a  c -a -a -a -a -a -a -a -a -a -a -a
-c -c -c -b -b -b -b -c -c -c -b -b -b -b -c -c -c -b -b -b -b -c -c -c -c -c -b -b -c -c -c     b -b -b -c -c -c  c -b -b -b -c -c -c -c -b -b -b
-d -d -d -c -c -c -c -d -d -d -c -c -c -c -d -d -d -c -c -c -c -d -d -d -d -d -c -c -d -d -d  d    -c -c -d -d -d -d  c -c -c -d -d -d -d -c -c -c
-c -c -c -a -a -a -a -c -c -c -a -a -a -a -c -c -c -a -a -a -a -c -c -c -c -c  a -a -c -c -c -c -c    -c -c -c -c -c -c  c -c -c -c -c -c -c -c -c
-c -c -c -c -c -c -c -c -c -c -c -c -c -c -c -c -c -c -c -c -c -c -c -c -c -c -c -c -c -c -c -c -c -c    -c -c -c -c -c -c  c -c -c -c -c -c -c -c
-b -b -b -c -c -c -c -b -b -b -c -c -c -c -b -b -b -c -c -c -c -b -b -b -b -b -c -c -b -b -b -c -c -c -c     b -b -c -c -c -c  c -c -c -c -c -c -c
-a -a -a -d -d -d -d -a -a -a -d -d -d -d -a -a -a -d -d -d -d -a -a -a -a -a -d -d -a  a -a -d -d -d -d  d    -a -d -d -d -d -d -d -d -d -d -d -d
-a -a -a -a -a -a -a -a -a -a -a -a -a -a -a -a -a -a -a -a -a -a -a -a -a -a -a -a -a -a  a -a -a -a -a -a -a    -a -a -a -a -a -a -a -a -a -a -a
-c -c -c -a -a -a -a -c -c -c -a -a -a -a -c -c -c -a -a -a -a -c -c -c -c -c -a -a -c -c -c  a -a -a -a -c -c -c    -a -a -a -c -c -c  c -a -a -a
-a -a -a -c -c -c -c -a -a -a -c -c -c -c -a -a -a -c -c -c -c -a -a -a -a -a -c -c -a -a -a -a  a -c -c -a -a -a -a    -c -c -a -a -a -a  c -c -c
-b -b -b -a -a -a -a -b -b -b -a -a -a -a -b -b -b -a -a -a -a -b -b -b -b -b -a -a -b -b -b -b -b  a -b -b -b -b -b -b     b -b -b -b -b -b -b -b
-c -c -c -d -d -d -d -c -c -c -d -d -d -d -c -c -c -d -d -d -d -c -c -c -c -c -d -d -c -c -c -c -c -d  a -c -c -c -c -c  d    -c -c -c -c -c -c  c
-a -a -a -b -b -b -b -a -a -a -b -b -b -b -a -a -a -b -b -b -b -a -a -a -a -a -b -b -a -a -a -b -b -b -b  a -a -a -b -b -b -b     b -b -b -b -b -b
-d -d -d -b -b -b -b -d -d -d -b -b -b -b -d -d -d -b -b -b -b -d -d -d -d -d -b -b -d -d -d -b -b -b -b -d -d -d -b -b -b -b  d     b -b -b -b -b
-d -d -d -b -b -b -b -d -d -d -b -b -b -b -d -d -d -b -b -b -b -d -d -d -d -d -b -b -d -d -d -b -b -b -b -d -d -d -b -b -b -b -d  d     b -b -b -b
-d -d -d -a -a -a -a -d -d -d -a -a -a -a -d -d -d -a -a -a -a -d -d -d -d -d -a -a -d -d -d -a -a -a -a -d -d -d  a -a -a -a -d -d  d    -a -a -a
-a -a -a -b -b -b -b -a -a -a -b -b -b -b -a -a -a -b -b -b -b -a -a -a -a -a -b -b -a -a -a -a -a -b -b -a -a -a -a  a -b -b -a -a -a -a     b -b
-d -d -d -b -b -b -b -d -d -d -b -b -b -b -d -d -d -b -b -b -b -d -d -d -d -d -b -b -d -d -d -d -d -b -b -d -d -d -d -d -b -b -d -d -d -d  d     b
-d -d -d -a -a -a -a -d -d -d -a -a -a -a -d -d -d -a -a -a -a -d -d -d -d -d -a -a -d -d -d -d -d -a -a -d -d -d -d -d -a  a -d -d -d -d -d  d
