    h  k  q  c  j  e  t -h  i -h  r  l  m  b  s  a -h  p  f  g  o  d  n
 i     a  v  j  t  o  k  c  s  d  g  f  m  r  h  q  e  l  u  p  b  w  n
 c  a     g  p  r -c  k  i  m  f  s  j  b  u  n  q  w  d  v  h  l  e  o
 l  w -l     e  t  g  d  p  m  c  h  a  u  j  i  k  n  o  b -l  v  f -l
 m  s  u  t     k  i  d  l  c  g  v  e  o  a  b  w  f  r  j  n  q  p  h
 b  w  d  u  f    -b  i  q  t  o  c  e  a  k  n  v  j  m  l  g  r  h  s
-c  c  s  d  m  b     k  l  h  t  r  v  q  i  p  g  e  n  f  a  w  u  j
 c  l  j  u  n  w  b     a  q  v  f  g  s  o  r  e  p  m  d  t  k  h  i
 q  s  u  h  o  f  t  l     i  e  c  p  g  r  d  a  m  v  b -q  w  k  j
 s  g  j -s  o  f  w  a  q     n  d  v  l  e  r  i  k  h  b  t  u  c  p
 t  r  e  j  g  m  h  w  b  v    -t  o  s  d  a  i  q  p  f  u  k  c  n
 w  g  h -w  i  v  p  u  o  n  e     q  a  f  m  t  c  s  b  l  r  j  d
 l  q  o  n  c  j  m  w  s  t  f  v     u  g  h  p  a  b  d  r  k  i  e
 i  u  r  d  m  h  e  b  w  t  a  s  q     k  n  o  f  p  c  v  l  j  g
-q  q  s  l  a  w  k  f  t  m  c  h  i  n     b  g  p  o  r  u  d  e  v
 n  v  p  j  o  r  k  w  b  l  c  h -n  t  g     m  f  q  a  e  d  s  u
 i -i  k  t  p  v  q  c  s  j  n  l  d  b  m  r     g  a  w  f  u  o  e
 k  r  j  e  o  p  n  u  c  m  h  f  s  v  i  b  t     d  q -k  a  l  w
 r  p  e  o  w  l  f  m  c  b  g  n  j  h  s  u  t  d     q  a  k  v  i
 e  n  u  l  v  d  m  q  h  r  p  c  f  t  o  s  w  a  k     g  b  i  j
 e  v  m  f  b  j  c  o  t  k  i  r  l  h  s  d  u  q  p  n     g  w  a
 j  f  u  g  l  q  c  b  v  r  w  s  a  m  t  h  k  e  d  n  o     p  i
 n  t  b  h  v  f  l  s  j  m  d  u  g  r  o  e  i  w  p  c  k  q     a
 d  r  a  j  c  u  e  k  v  s -r  h  b  g  p  l  n  o  q  i  w  m  t
