b
up
a
a
a
a
up
a
a
up
a
a
a
left
b
down
a
down
down
a
a
a
down
b
down
a
a
a
a
up
b
a
up
up
a
a
a
b
up
a
a
a
a
up
b
a
right
a
a
a
a
down
a
a
down
a
a
down
b
up
a
a
a
a
up
a
a
up
a
a
a
left
b
down
a
down
down
a
a
a
down
b
down
a
a
a
a
down
b
a
down
a
a
a
a
right
a
a
a
a
down
left
right
a
a
up
a
a
left
a
a
a
up
b
up
a
a
a
a
up
b
a
up
up
a
a
a
b
up
a
a
a
a
up
b
a
right
a
a
a
a
down
a
a
down
a
a
down
a
down
a
down
a
a
a
a
a
up
b
a
a
a
up
b
up
a
a
a
a
up
a
a
up
a
a
a
left
b
down
a
down
down
a
a
a
down
b
down
a
a
a
a
down
b
a
down
a
a
a
a
right
a
a
a
a
down
a
a
up
a
a
left
a
a
a
up
b
up
a
a
a
a
up
b
down
a
a
a
a
down
b
a
down
a
a
a
a
right
a
a
a
a
down
left
a
down
b
a
a
right
a
a
left
b
a
a
a
up
right
a
a
up
a
a
left
a
a
a
up
b
up
a
a
a
a
up
b
a
up
up
a
a
a
b
up
a
a
a
a
up
b
a
right
a
a
a
a
down
a
a
down
a
a
down
a
down
a
down
a
a
a
a
a
up
b
a
a
a
up
b
up
a
a
a
a
up
a
a
up
a
a
a
left
b
down
a
down
down
a
a
a
down
b
down
a
a
a
a
down
b
a
down
a
a
a
a
right
a
a
a
a
down
left
a
down
b
a
a
right
a
a
left
b
a
a
a
up
right
a
a
up
a
a
left
a
a
a
a
right
a
a
a
a
down
left
