    s  j  h  i  f  c  a  n  w  k  d  r  l  g  q  e  o  t  p  u  v  b  m  x
 e     f  s  r  p -e  h  o  y -e  g  a  l  c  q  n  z  m  b  i  k  d  j -e
 z  w     k  b  o  i -z -z  a  v  j  y  f  c  d  g  u  e  t  m  l  h  n  x
 r  e  v     b -r  c -r  w -r  x  q  d  z  t -r -r  s -r  y -r  u  a  p  f
 w  t  l -w     g -w  i  j  q  s  k  n  h  u  r  z  p  y  o -w  v  a  x  m
 t -t  o  h  d     j  p  e -t  u  r  g  l  b  m  s -t  f  q  n  c -t  k  i
 m  g  f -m  v  c     j  i  k  d -m  x -m  b  n  z  h  l -m  y  e  w -m  a
 o  u  b  r -o  v  a    -o -o  d -o -o  x  c -o -o  y  q  s -o  p  z  w  t
 j -j  h  n -j  k  q  w     r  m  p  v  l  f  s  o  g -j  e -j  u  t -j  i
 z  s  r  g  p  j  f  o  q     c -z  y  k  n  i  l -z  m  e  a  d  b  h  x
 m  t  j  e -m  z  l -m  c  y     a  x  d  i -m  g  u  k  b  f  v  h  w -m
 z -z  o -z  d  y  p  u -z  b  c     v  a  s  q  r -z  w  t -z -z  x  n  e
-n  n  i  t  s  u -i  k  h  o -i  l    -n  v  j -n  g -n  p  m  q  f -n  r
 k  g  p  m  l  x  d  r -k  e  i  b  y     n  a  z  f  o  j -k  w  c  q  h
-k  k  t  c  a  f -t  z  s  b  l -k  y  g     v  e  u  j  w  h  d  x -k  i
 c  a  u  o  e  t  s  x  v -c  z -c -c -c  y     n  w -c  m  p  r  d  q  b
 z  w  x  v  p  y  l  u  o  q  h  i  k -z  g  a     t  j  f  n  m  r -z  s
 g  u  w  i  e  j  b  s  k -g  q  m  f  n  v  h  r     l -g  d  c  t  o  p
 f -f  b  n  d  m  c  l  j  g  i  e -f  y  h -f  q  z    -f  k  a  o  x  p
-t  t  u  f  d  w  v -t  y -t  b  s  a  j  e  z -t  c -t     x  r  h  g  i
 a  t  x -a  c  d  m  r  z  k -a -a  p  b  o  y  s  n  w -a     l  q  u  v
 a  z -a  k  p  i  y  t  o  q  e  f  j  n  r  v  w  g  u  h  x     m  s  l
 j  i  h  d -j -j  q  p  b  c  e  r  g -j  k  l  o  m  s -j  n -j     f -j
 g  e  l  u  w  n -g  c -g  z  x  b -g  t  v  m  i  y  h  a  f  j  d     k
 r  p  o  a -r -r  z  q  s  v -r  f  b  g  c  u  w -r  h  d  e  t  y  x
