    d -i  i  c  g  h  b  a  j  e  f  k
 d    -f  f  h  g  m  e  l  i  c  a  b
 l  b     j  d  e -l -l  a  m -l  k  c
 l  g  c     m  i  j  h  a  b  d  k  f
 l  i  f -l     h -l  m  j  k -l  g  e
 e  b  i -e  k     j  f  c  h  a  g  d
 g  d  b -g  m  l     i  h  e  a  f  c
 l  c  g  e  b  f  j     h  d  a  m  k
-d  d  i  a  c  e  f  l     k  j  m  b
 m  c  b  h  a  i  g  j  l     e  k  d
 k  d  i  j  c  m  l  b  f  a     h  g
 h  m  j  i  b  f  g  e -h  k  l     a
 k  j  e  g  d  i  c -k  f -k  h -k
