    b  a  c -b -b  d
-f     f  a  c  b  e
 f -f    -f  d  e -f
 a  b -a     c  d -a
-a  b -b  a     f  e
 f  d  a  c  e    -f
 b -b  c  f  e  d
