    a -a -a  b
 e     d  c -e
-f  f     a -f
 b  c -c    -b
-d -d -d  d
