    a -a -a -a -a
-b     a -a -a  b
-b -b     a  b -b
-a -a -a     a -a
-a -a -a -a     a
 a -a -a -a -a
