a
down
down
a
down
a
left
a
down
right
right
a
right
up
up
a
right
down
a
down
right
a
right
a
up
a
down
a
left
left
a
up
up
a
left
down
down
a
left
left
left
a
up
a
right
a
up
up
a
up
up
right
a
up
a
left
a
left
a
right
a
right
a
down
left
down
a
down
down
a
down
a
left
a
down
right
right
a
right
up
up
a
right
down
a
down
right
a
right
a
up
up
down
a
left
up
a
up
right
a
up
a
left
left
up
a
right
right
left
a
left
down
right
a
right
a
down
left
a
down
down
a
right
up
down
a
left
up
a
up
right
a
up
a
left
left
up
a
right
right
up
down
left
a
left
down
right
a
right
a
down
left
a
down
down
a
right
a
down
a
left
a
right
a
up
a
left
up
a
up
right
a
up
a
left
left
up
a
right
right
up
