    b -b -b -b -b -b -b -b -b -b -b
 d    -c -c -c  c -c -c -c -c -c -c
-c -c     b -c -c  c -b -c -c -c -b
-d -d  d    -d -d -d  c -d -d -c -c
-b -b -b -b     b -b -b  c -b -b -b
-a  a -b -b  d     b -b -d  c -c -c
-d -d  a -a -d  d    -a -d -d -d -a
-a -a -a  a -a -a -a    -a -c -c  c
-a -a -a -a  a -a -a -a    -a -a -a
-a -a -a -a -a  a -a -b -a     b -b
-d -d -d -b -d -d -d -b -d  d     b
-d -d -a -a -d -d -a  a -d -d  d
