e
d
g
a
j
right
a
b
d
e
down
d
h
down
i
g
a
j
right
a
b
d
h
left
i
g
d
e
up
d
g
left
d
down
g
up
d
e
right
right
d
g
a
up
b
d
h
i
right
