    b -c  c -c -c -c -c -c
 d    -d -d -d -d -d -d -d
-c -c    -c -c  c -c -c -c
 a -a -c    -c -c  c -c -c
-b -b -b -b     b -b -b -b
-c -c  a -c  d    -c -c  c
-a -a -b  a -b -b     b -b
-d -d -b -d -b -b  d     b
-d -d -a -d -a  a -d  d
